9.99310397084 9.92173223567
0.253145752841 9.89505460251
-8.45076756662 9.3584022213
-8.83089846566 8.49728587676
-9.18388203638 6.73456085309
-9.58805730754 -5.3850015653
-5.44986777915 -6.9735467601
2.0067970303 -9.47846735043
8.63551789905 -9.49755546767
9.2666652 -8.32177138642
